// Jest Snapshot v1, https://goo.gl/fbAQLP

exports[`should render ExpneseListItem with expense 1`] = `
<div>
  <Link
    to="/edit/1"
  >
    <h3>
      Gum
    </h3>
  </Link>
  <p>
    196
     - 
    0
  </p>
</div>
`;
